// Jest Snapshot v1, https://goo.gl/fbAQLP

exports[`<Nav/> renders a minimal nav when signed out 1`] = `
<ul
  className="Nav-sc-3uwxy3-0 iPyuTS"
  data-test="nav"
>
  <Link
    href="/items"
  >
    <a
      href="/items"
      onClick={[Function]}
      onMouseEnter={[Function]}
    >
      Shop
    </a>
  </Link>
  <Link
    href="/signup"
  >
    <a
      href="/signup"
      onClick={[Function]}
      onMouseEnter={[Function]}
    >
      Sign in
    </a>
  </Link>
</ul>
`;

exports[`<Nav/> renders the amount of items in the cart 1`] = `
<div
  className="CartCount__Dot-sc-1ror63v-1 kUvYyW count"
>
  9
</div>
`;
