// Jest Snapshot v1, https://goo.gl/fbAQLP

exports[`<Pagination /> renders pagination for 18 items 1`] = `
<div
  className="Pagination-sc-174k1su-0 jfypyi"
  data-test="pagination"
>
  <Head>
    <_default
      headManager={Object {}}
      inAmpMode={false}
      reduceComponentsToState={[Function]}
    />
  </Head>
  <Link
    href={
      Object {
        "pathname": "items",
        "query": Object {
          "page": 0,
        },
      }
    }
  >
    <a
      aria-disabled={true}
      className="prev"
      href="/items?page=0"
      onClick={[Function]}
      onMouseEnter={[Function]}
    >
      ⬅ Prev
    </a>
  </Link>
  <p>
    Page 
    1
     of 
    <span
      className="totalPages"
    >
      5
    </span>
  </p>
  <p>
    18
     Items Total
  </p>
  <Link
    href={
      Object {
        "pathname": "items",
        "query": Object {
          "page": 2,
        },
      }
    }
  >
    <a
      aria-disabled={false}
      className="next"
      href="/items?page=2"
      onClick={[Function]}
      onMouseEnter={[Function]}
    >
      Next ➡
    </a>
  </Link>
</div>
`;
